// Jest Snapshot v1, https://jestjs.io/docs/snapshot-testing

exports[`find conditional comments 1`] = `
[
  {
    "bubble": false,
    "close": "<![endif]-->",
    "downlevel": "hidden",
    "isComment": true,
    "open": "<!--[if mso]>",
    "range": [
      17,
      42,
    ],
  },
  {
    "bubble": false,
    "close": "<![endif]-->",
    "downlevel": "hidden",
    "isComment": true,
    "open": "<!--[if MAC]>",
    "range": [
      69,
      116,
    ],
  },
  {
    "bubble": false,
    "close": "<![endif]-->",
    "downlevel": "hidden",
    "isComment": true,
    "open": "<!--[if gt mso 14]>",
    "range": [
      137,
      199,
    ],
  },
  {
    "bubble": false,
    "close": "<![endif]-->",
    "downlevel": "hidden",
    "isComment": true,
    "open": "<!--[if lt mso 14]>",
    "range": [
      223,
      285,
    ],
  },
  {
    "bubble": false,
    "close": "<![endif]-->",
    "downlevel": "hidden",
    "isComment": true,
    "open": "<!--[if gte mso 14]>",
    "range": [
      321,
      377,
    ],
  },
  {
    "bubble": false,
    "close": "<![endif]-->",
    "downlevel": "hidden",
    "isComment": true,
    "open": "<!--[if lte mso 14]>",
    "range": [
      410,
      466,
    ],
  },
  {
    "bubble": false,
    "close": "<![endif]-->",
    "downlevel": "hidden",
    "isComment": true,
    "open": "<!--[if (mso 12)|(mso 16)]>",
    "range": [
      493,
      558,
    ],
  },
  {
    "bubble": false,
    "close": "<![endif]-->",
    "downlevel": "hidden",
    "isComment": true,
    "open": "<!--[if (mso 12)&(mso 16)]>",
    "range": [
      586,
      651,
    ],
  },
  {
    "bubble": true,
    "close": "<!--<![endif]-->",
    "downlevel": "revealed",
    "isComment": true,
    "open": "<!--[if !mso]><!-->",
    "range": [
      679,
      745,
    ],
  },
  {
    "bubble": false,
    "close": "<![endif]>",
    "downlevel": "revealed",
    "isComment": false,
    "open": "<![if mso]>",
    "range": [
      766,
      787,
    ],
  },
]
`;
