// Jest Snapshot v1, https://goo.gl/fbAQLP

exports[`find conditional comments 1`] = `
Array [
  Object {
    "bubble": false,
    "close": "<![endif]-->",
    "downlevel": "hidden",
    "isComment": true,
    "open": "<!--[if mso]>",
    "range": Array [
      17,
      42,
    ],
  },
  Object {
    "bubble": false,
    "close": "<![endif]-->",
    "downlevel": "hidden",
    "isComment": true,
    "open": "<!--[if MAC]>",
    "range": Array [
      69,
      116,
    ],
  },
  Object {
    "bubble": false,
    "close": "<![endif]-->",
    "downlevel": "hidden",
    "isComment": true,
    "open": "<!--[if gt mso 14]>",
    "range": Array [
      137,
      199,
    ],
  },
  Object {
    "bubble": false,
    "close": "<![endif]-->",
    "downlevel": "hidden",
    "isComment": true,
    "open": "<!--[if lt mso 14]>",
    "range": Array [
      223,
      285,
    ],
  },
  Object {
    "bubble": false,
    "close": "<![endif]-->",
    "downlevel": "hidden",
    "isComment": true,
    "open": "<!--[if gte mso 14]>",
    "range": Array [
      321,
      377,
    ],
  },
  Object {
    "bubble": false,
    "close": "<![endif]-->",
    "downlevel": "hidden",
    "isComment": true,
    "open": "<!--[if lte mso 14]>",
    "range": Array [
      410,
      466,
    ],
  },
  Object {
    "bubble": false,
    "close": "<![endif]-->",
    "downlevel": "hidden",
    "isComment": true,
    "open": "<!--[if (mso 12)|(mso 16)]>",
    "range": Array [
      493,
      558,
    ],
  },
  Object {
    "bubble": false,
    "close": "<![endif]-->",
    "downlevel": "hidden",
    "isComment": true,
    "open": "<!--[if (mso 12)&(mso 16)]>",
    "range": Array [
      586,
      651,
    ],
  },
  Object {
    "bubble": true,
    "close": "<!--<![endif]-->",
    "downlevel": "revealed",
    "isComment": true,
    "open": "<!--[if !mso]><!-->",
    "range": Array [
      679,
      745,
    ],
  },
  Object {
    "bubble": false,
    "close": "<![endif]>",
    "downlevel": "revealed",
    "isComment": false,
    "open": "<![if mso]>",
    "range": Array [
      766,
      787,
    ],
  },
]
`;
